border_size=1
usage=map

Gll^Fp      , Hh^Fp       , Hh^Fp       , Hh^Fp       , Gs^Fp       , Hh^Fp       , Hh^Fp       , Hh^Fp       , Hh^Fp       , Hh^Fp       , Hh^Fp       , Hh^Fp       , Hh^Fp       , Hh^Fp       , Mm          , Mm          , Mm          , Hh^Fp       , Hh^Fp       , Hh^Fp       , Hh          , Hh          , Gll^Fp      , Gll^Fp      , Hh          , Hh^Fmw      , Gs          , Gd          , Re          , Gs          , Gs^Fms      , Gs^Fms      
Gll^Fp      , Gll^Fp      , Gll^Fp      , Gs^Fp       , Gs^Fp       , Gs^Fp       , Gg          , Gg          , Re^Gvs      , Gs          , Hh^Fp       , Gg^Vhh      , Gd          , Hh^Fp       , Hh^Fp       , Mm          , Hh^Fp       , Hh^Fp       , Re^Gvs      , Gg          , Gs^Vhh      , Hh^Fmw      , Hh^Fmw      , Hh          , Gg          , Gg          , Re          , Re          , Gg          , Gg          , Gs^Fp       , Gs^Fp       
Gll^Fp      , Gll^Fp      , Gll^Fp      , Hh          , Gs^Fp       , Gg          , Gg^Eff      , Re^Gvs      , Gs          , Gs          , Gs^Fp       , Hh^Fp       , Hh^Fdw      , Gg          , Gd          , Hh^Fp       , Rd          , Gs^Vl       , Rd          , Rd          , Gg          , Gs          , Gg          , Gg          , Rd          , Re          , Gg          , Gg          , Hh^Fp       , Hh^Fp       , Hh^Fp       , Gs^Fmf      
Gll^Fp      , Gll^Fp      , Gll^Fp      , Hh          , Gll^Eff     , Gg^Eff      , Re^Gvs      , Gs^Eff      , Rd          , Gs          , Gd          , Hh^Fp       , Hh          , Hh^Fp       , Gs^Fdw      , Gs          , Gg          , Rd          , Rd          , Gll^Fp      , Gs^Vh       , Gs          , Re          , Re          , Gg          , Gg          , Gll^Fp      , Gg          , Hh^Fp       , Hh^Fp       , Mm          , Mm          
Gll^Fp      , Gll^Fp      , Gll^Fp      , Hh          , Gll^Fdw     , Re^Eff      , Gs^Eff      , Gs^Eff      , Rd          , Gg          , Gll^Fp      , Hh          , Ch          , Gs^Fdw      , Mm          , Gll^Fp      , Gs^Fdw      , Gll^Fp      , Gs          , Rd          , Rd          , Rd          , Gs          , Gs          , Gs^Fp       , Gs^Fmf      , Hh^Fp       , Hh^Fp       , Mm          , Mm          , Mm          , Mm          
Hh^Fp       , Gll^Fp      , Hh^Fp       , Hh^Fmw      , Gs^Fp       , Gg          , Gg          , Gs          , Rd          , Rd^V20      , Gd          , Rd          , Ch          , Kh          , Ch          , Rr^Vhc      , Gll^Fp      , Gs          , Re          , Rd          , Gs          , Rd          , Rd          , Gg          , Gg^Fdw      , Hh^Fp       , Hh^Fp       , Hh^Fp       , Hh^Fp       , Mm          , Hh^Fp       , Mm          
Hh^Fp       , Hh^Fp       , Gll^Fp      , Gll^Fp      , Gll^Fp      , Gs^Fp       , Gs          , Rd          , Gs^Eff      , Rd          , Rd          , Rd          , Ch          , Ch          , Rr          , Gd          , Rd          , Rd          , Gs          , Gs          , Gs          , Gs          , Rd          , Rd          , Rd          , Hh^Fp       , Gg          , Hh^Fp       , Hh^Fp       , Hh^Fp       , Hh^Fp       , Hh^Fp       
Hh^Fp       , Hh^Fp       , Gll^Fp      , Gll^Fp      , Gll^Fp      , Hh          , Hh^Fp       , Gs^Eff      , Gs^Eff      , Gs^Eff      , Gg          , Gll^Fp      , 1 Rr^Vhc    , Kh          , Gs          , Rd          , Rd          , Rd          , Gs          , Gg          , Gs          , Gg          , Rd          , Gs^Vl       , Gs^Eff      , Gg^Eff      , Gg^Eff      , Gg^Fdw      , Gll^Fp      , Hh^Fp       , Hh^Fp       , Gs^Fms      
Hh^Fp       , Hh^Fp       , Hh^Fp       , Gll^Fp      , Hh^Fp       , Hh^Fp       , Hh          , Gll^Fp      , Gs          , Gg          , Gs          , Gll^Fp      , Gs          , Gs          , Re          , Rd          , Rd          , Rd^Vhc      , Gs          , Gg          , Gs          , Gg          , Gg          , Rd          , Gs          , Gg^Eff      , Gg^Eff      , Gg^Eff      , Gs^Fms      , Gs^Fms      , Gs^Fms      , Gs^Fms      
Hh^Fp       , Hh^Fp       , Hh^Fp       , Gg          , Hh^Fp       , Hh          , Hh^Fp       , Gll^Fp      , Gs          , Gs          , Gs          , Gs          , Rd          , Re          , Gs          , Gs          , Gg          , Gg          , Gll^Fp      , Gll^Fp      , Gg          , Gs          , Gs          , Gg          , Gg          , Gs^Fp       , Gs^Fmf      , Gs^Fp       , Gs^Fms      , Gs^Fp       , Gs^Fms      , Gs^Fms      
Mm          , Hh^Fp       , Hh^Fp       , Gg          , Gg          , Hh          , Hh          , Hh          , Gs          , Gs          , Re          , Rd          , Gs          , Gs          , Gg          , Gs          , Gg          , Gll^Fp      , Gs^Fp       , Gs^Fp       , Gll^Fp      , Gg          , Gg          , Gs          , Gg          , Gs^Fp       , Gs^Fp       , Gs^Fp       , Gs^Fms      , Gs^Fp       , Gs^Fms      , Hh^Fp       
Mm          , Hh          , Hh          , Hh          , Hh          , Hh^Vhh      , Gg          , Hh          , Gs          , Gs          , Rd          , Gs          , Gg          , Gg          , Gg          , Gg          , Gg          , Gll^Fp      , Wog         , Wog         , Wog         , Ss          , Sm          , Gg          , Gg          , Gs^Fp       , Gs^Fp       , Gs^Fms      , Gs^Fms      , Gs^Fms      , Gs^Fdw      , Hh^Fp       
Mm          , Hh          , Gs          , Gs          , Hh^Fp       , Hh^Fp       , Gs          , Gg          , Hh^Fp       , Gg          , Re          , Gg          , Gg^Fdw      , Gll^Fp      , Gll^Fp      , Gs          , Gg          , Wog         , Ww^Y24      , Wog         , Ww          , Ss          , Sm          , Sm          , Gg          , Gs          , Gd^Vhr      , Gs^Fms      , Gs^Fms      , Gs^Fms      , Gs^Fp       , Gs^Fp       
Hh          , Hh          , Hh          , Gs          , Gs^Fp       , Gs^Fp       , Hh^Fp       , Hh^Fp       , Gs^Fp       , Gg          , Re          , Gs^Vh       , Gg          , Gg^Fdw      , Ss          , Ss          , Wog         , Wog         , Wo          , Wo          , Ww          , Sm          , Ss          , Ss          , Gg          , Gg          , Gd          , Gs^Fms      , Gs^Fms      , Gs^Fp       , Gs^Fp       , Gs^Fp       
Hh^Fp       , Hh^Fp       , Gs^Fp       , Hh          , Hh^Fp       , Gs^Fp       , Hh          , Gs^Fp       , Gs^Fp       , Gs          , Rd          , Gs          , Gd          , Gs^Fp       , Gs^Fp       , Wog^Vhs     , Wo          , Wo          , Wo          , Wo          , Ww          , Wog         , Ss^Vhs      , Gg          , Gg          , Gs          , Gd          , Gs^Fp       , Gs^Fp       , Gs^Fp       , Gs^Fp       , Gs^Fp       
Gs^Fp       , Gs^Fp       , Gs^Fp       , Hh          , Hh          , Gs^Fp       , Hh          , Gs^Fp       , Gs^Fp       , Gs          , Rd          , Gg          , Gs^Fp       , Gs^Fp       , Gs^Fp       , Ww          , Wo          , Wo          , Wo          , Ww          , Ww          , Ss          , Gs^Fp       , Gg          , Gg          , Gs          , Gd          , Gg          , Gs^Fp       , Gs^Fp       , Gs^Fp       , Gs^Fp       
Gs^Fp       , Gs^Fp       , Gs^Fp       , Hh          , Hh          , Gs^Fp       , Gg          , Gg          , Gg          , Gg          , Re          , Gg          , Gs^Fp       , Gs^Fp       , Gs^Fp       , Ww          , Wo          , Wo          , Wo          , Wo          , Ss          , Wog         , Ss          , Gs^Fp       , Gs          , Gg          , Gg          , Gg          , Gs^Fp       , Gs^Fp       , Gs^Fp       , Hh^Fp       
Gs^Fp       , Gs^Fp       , Re          , Hh          , Gs          , Gg          , Gs          , Gg          , Gg          , Gg          , Re          , Gg          , Gs^Fp       , Gs^Fp       , Ww          , Wo          , Wo          , Wo          , Wo          , Wo          , Sm          , Ss          , Sm          , Gs^Fp       , Gs          , Gg          , Gd          , Gd          , Gs^Fp       , Gg          , Hh^Fp       , Hh^Fp       
Gs^Fp       , Gs^Fp       , Gs^Fp       , Hh          , Gll^Fp      , Gll^Fp      , Gll^Fp      , Gs          , Re          , Re          , Re          , Gg          , Gg          , Gs^Fp       , Ww          , Wo          , Wo          , Wo          , Wo          , Wo          , Sm          , Sm          , Gg          , Gg          , Gg          , Gg          , Gd          , Gg          , Gs^Fp       , Gg          , Gs^Fp       , Hh^Fp       
Gs^Fp       , Gs^Fp       , Gs^Fp       , Hh          , Gg          , Gd^Vhr      , Re          , Re          , Gs          , Gg          , Re          , Gg          , Gg          , Ww          , Wo          , Wo          , Ww          , Ww          , Wo          , Wo          , Ss          , Gg          , Gg          , Gg          , Gs          , Gg          , Gg          , Gg          , Gs^Fp       , Gs^Fp       , Gg          , Hh^Fp       
Gs^Fp       , Gs^Fp       , Gg          , Gg          , Re          , Re          , Gs          , Gs^Fmf      , Ke          , Ce          , Re          , Gg          , Ss          , Ww          , Wo          , Wo          , Wog         , Ss          , Sm          , Wo          , Wo          , Gg          , Gg          , Gg          , Gg          , Gg          , Gs          , Gg          , Gg          , Gs^Fp       , Gs^Fms      , Gs^Fp       
Gg          , Gg          , Re          , Re          , Gg          , Gg          , Gs^Fp       , Re          , Re          , Ce          , Re          , Ce          , Ss          , Ww          , Wo^Y25      , Ww          , Ss^Vhs      , Ss          , Ss          , Sm          , Ww          , Wo          , Ww          , Gg          , Gg          , Gg          , Gg          , Gg          , Gs^Fp       , Gg          , Gs^Fp       , Gs^Fp       
Re          , Re          , Gg          , Gg          , Gs^Fp       , Gs          , Gg          , Gs          , Gs^Fp       , Gg          , Ww^Bw|      , Ss          , Ww          , Ww          , Wog         , Wog         , Ss          , Gg          , Gg          , Gg          , Ss          , Wo          , Wo          , Wo          , Wo          , Gd^Vhhr     , Re          , Gg          , Gg          , Gg          , Gs^Fp       , Gs^Fp       
Gg          , Gg          , Gg          , Gs^Fms      , Gg          , Gg          , Gs^Fp       , Gs^Fp       , Ww          , Ww          , Ww^Bw|      , Ww          , Gg          , Ss          , Ss          , Ss          , Gg          , Gg          , Gs^Fp       , Gg          , Gg          , Ss          , Ss          , Wo          , Wo          , Gg          , Re          , Gg          , Gg          , Gs^Fp       , Gs^Fp       , Gs^Fp       
Hh^Fp       , Hh^Fp       , Gs^Vh       , Gg          , Gg          , Gs^Fp       , Gs^Fmf      , Ss          , Ww          , Ss          , Re          , Gg          , Gg          , Gg          , Gg          , Gs^Fp       , Gg          , Gs^Fp       , Ds          , Gd          , Re          , Gg          , Gg          , Wwf         , Ww          , Gg          , Gg          , Re          , Gg          , Gg          , Gs^Fp       , Gs^Fp       
Hh^Fp       , Hh^Fp       , Hh^Fp       , Gg          , Gg          , Gs^Fp       , Ss          , Ww          , Ss          , Ss          , Re          , Gg          , Re          , Re          , Re          , Gs^Fp       , Gs          , Gd          , Gd          , Gd          , Gs          , Gs          , Gg          , Wwf         , Ww          , Wo          , Wo          , Rd          , Rd          , Gg          , Gs^Fp       , Gs^Fp       
Hh          , Hh^Fp       , Gs          , Gs          , Gg          , Gg          , Ss          , Ww          , Ss          , Gs          , Re          , Re          , Gg          , Gg          , Gg          , Re          , Re          , Gg          , Gg          , Gg          , Gs          , Gs          , Gs          , Gg          , Gg          , Wo          , Wo          , Wwf         , Gg          , Rd          , Rd          , Gg          
Hh^Fp       , Hh^Fp       , Hh^Fp       , Gs          , Gs          , Gg          , Gg          , Ww          , Ww^Bw/      , Re          , Gs          , Gg          , Gg          , Gg          , Gg          , Gs          , Gs          , Re          , Re          , Gg          , Gg          , Gg          , Rd          , Gs          , Gg          , Gg          , Wo          , Ww          , Gg          , Gg          , Rd          , Rd          
Mm          , Hh          , Hh          , Hh          , Gg          , Gs          , Re          , Ww^Bw/      , Ww          , Gg^Es       , Gs          , Gg          , Gg          , Gg          , Gg          , Gs          , Gs^Fp       , Gg          , Gg          , Re          , Re          , Gs          , Gg          , Gs          , Ww          , Gs          , Wwf         , Wo          , Rd          , Rd          , Gg          , Gg          
Mm          , Hh          , Hh          , Gg          , Re          , Re          , Ss          , Ww          , Ww          , Gg          , Gg          , Gg          , Gs          , Gs          , Gd          , Gd          , Ds          , Gd          , Gs          , Gs          , Gs          , Re          , Re          , Ww          , Ww          , Ww          , Ch          , Ww^Bw/r     , Wo          , Rd          , Gg          , Gg          
Mm          , Mm          , Hh          , Gg          , Re          , Ss          , Ss          , Ww          , Ww          , Gg          , Gg          , Gs          , Gs          , Gs          , Gd          , Ds          , Gd          , Gs          , Gg          , Gs          , Gg          , Gs          , Gs^Fp       , Ww^Bw\r     , Chr         , Ww^Y26      , Ch          , Wwf         , Wo          , Rd          , Gg          , Gg          
Mm          , Mm          , Re          , Re          , Gg^Vh       , Gs^Fms      , Ww          , Ww          , Ss          , Gg          , Gg          , Gs          , Gs          , Gg          , Gd          , Gd          , Gg          , Gg          , Gg          , Gg          , Gg          , Gs^Fp       , Gs^Fp       , Ww          , Ww^Y23      , Chr^Y27     , 2 Khr       , Chr         , Wo          , Wo          , Ss          , Gg          
Re          , Re          , Mm          , Gg          , Ss          , Ww          , Ww          , Ww          , Gg          , Gg          , Gs          , Gs          , Gs^Fp       , Gs^Fp       , Ds          , Gll         , Gg          , Gg          , Gg          , Gg          , Gg          , Gg^Es       , Gs^Fp       , Ww          , Ww^Dr       , Ch          , Chw         , Chw         , Wo^Y26      , Wwf         , Ss          , Ss          
Mm          , Mm          , Hh          , Gg          , Ww          , Ww          , Ss          , Gg          , Gg          , Gs^Fp       , Gg          , Gd^Vhr      , Gll         , Gll         , Gs^Fp       , Hh^Fp       , Hh^Fp       , Gg          , Gg          , Gs^Fp       , Gd          , Gs^Fp       , Gd^Es       , Gg^Es       , Gs^Fp       , Ww^Y26      , Wwf         , Wo          , Wo          , Ss          , Ss          , Ss          
Mm          , Mm          , Hh          , Gg          , Ww          , Ww          , Ss          , Gg          , Gg          , Gg          , Hh^Fp       , Hh^Fp       , Gs^Fp       , Gs^Fp       , Gs^Fp       , Hh^Fp       , Hh^Fp       , Hh^Fp       , Hh^Fp       , Gs^Fp       , Hh^Fp       , Gs          , Gs^Fp       , Gs^Fp       , Gs^Fp       , Ss          , Wo          , Wo          , Ss          , Ss          , Ss          , Ss          
