border_size=1
usage=map

Wwg         , Wo          , Wo          , Wwg         , Wwg         , Gs^Fp       , Gs^Fp       , Gs^Fp       , Gs^Fp       , Gs^Fp       , Mm          , Mm          , Mm          , Mm          , Md          , Md          , Md          , Md          , Md          , Gg          , Gg^Y24      , Gg          , Ds          , Gs^Fp       , Gs^Fp       , Md          , Hh          , Md          , Md          , Hh          , Sm          , Sm          , Ss          , Gg          , Ss          , Ss          , Sm          , Gs^Fp       , Gs^Fp       
Gll^Fp      , Wwg         , Wwg         , Wo          , Wo          , Wwg         , Wwg         , Gg          , Gg          , Hh          , Mm          , Md          , Mm          , Mm          , Uh^Dr       , Hh^Dr       , Rd^Dr       , Hh^Dr       , Rd^Es       , Re^Vct      , Gg          , Re^Vct      , Ds          , Gs^Fp       , Gs^Fp       , Hh          , Gs^Vh       , Hh          , Hh          , Gs^Fp       , Gs^Fp       , Sm          , Ss          , Ss          , Wo          , Ss          , Ss          , Ss          , Gs^Fp       
Gll^Fp      , Gll^Fp      , Gll^Fp      , Wwg         , Wwg         , Wo          , Wo          , Wwg         , Wwg         , Hh          , Hh          , Md          , Mm          , Hh^Y22      , Uh^Dr       , Uh^Dr       , Ur^Y27      , Re^Dr       , Rd^Es       , Re          , Re          , Rd          , Rd          , Gs^Fp       , Rd          , Rd          , Rd          , Hh          , Rb          , Sm          , Ss          , Ss          , Wwg         , Wwg         , Ww^Ewl      , Wo          , Wo          , Ss          , Sm          
Gll^Fp      , Gll^Fp      , Gll^Fp      , Gll^Fp      , Gll^Fp      , Wwg         , Wwg         , Wo          , Wo          , Wwg         , Dd          , Md          , Md          , Mm          , Md          , Hh^Y22      , Hh^Y26      , Rd^Es       , Gll^Fp      , Gll^Fp      , Gll^Fp      , Hh^Dr       , Hh          , Rd          , Hh          , Hh          , Rd          , Gg          , Wwf         , Ss          , Ww^Ewf      , Wwg         , Ch          , Kh          , Ch          , Ww^Ewf      , Ww^Ewf      , Ss          , Gg          
Gll^Fp      , Gll^Fp      , Gll^Fp      , Gll^Fp      , Gll^Fp      , Gg          , Dd          , Wwg         , Wo          , Wwg         , Wwg         , Dd          , Dd          , Hh          , Wwf         , Gd^Vhr      , Dd          , Hd          , Dd          , Gll^Fp      , Gll^Fp      , Gll^Y27     , Hh^Fp       , Hh          , Gll^Fp      , Gll^Fp      , Rd          , Gll^Fp      , Wo          , Wo          , Ww^Ewl      , Ch          , 2 Kh        , Rrc         , Kh          , Wo^Bw\      , Wo^Bw\      , Ss          , Gs          
Gs^Fms      , Gll^Fp      , Gll^Fp      , Gll^Fp      , Gll^Fp      , Gs^Vh       , Re          , Wwg^Bw/     , Wwg         , Wo          , Wo          , Wwg         , Wwg         , Wwg         , Wo          , Wwg^Bw/     , Wwg         , Wwg         , Wwg         , Dd          , Dd          , Gg^Esd      , Hh          , Hh          , Gll^Fp      , Gll^Fp      , Rd          , Gll^Fp      , Wo          , Kh          , Ch          , Ch          , Ch          , Ch          , Wwg         , Wwg         , Ss          , Gg          , Gg^Gvs      
Rb          , Gs^Fms      , Gs^Fms      , Gll^Fp      , Gll^Fp      , Re          , Gs^Vh       , Ds          , Ds          , Wwg         , Wwg         , Wo          , Wo          , Wo          , Wwg         , Wo          , Wo          , Wo          , Wo          , Wwg         , Wo          , Wwg         , Wwg         , Hh          , Hh          , Gll^Fp      , Rd          , Gg          , Rr          , Wo^Bsb/     , Kh          , Ww^Ewl      , Ww^Ewf      , Wo          , Wo          , Sm          , Sm          , Gg          , Gg          
Gll^Fp      , Rb          , Rb          , Gs^Fms      , Gg          , Re          , Rb          , Gs^Esd      , Gs^Esd      , Ds          , Ds          , Wwg         , Wwg         , Wwg         , Dd          , Wwg         , Wwg         , Wo          , Wo          , Wo          , Dd          , Wo          , Wo          , Wwg         , Wo          , Ch          , Rrc         , Rrc         , Gd          , Wo          , Wo          , Wo          , Wo          , Wo          , Ss          , Sm          , Ss          , Ss          , Gs^Fp       
Mm          , Gll^Fp      , Hh^Fms      , Rb          , Rb          , Rb          , Gs          , Rb          , Rb          , Gs^Esd      , Gg          , Ds          , Ds          , Dd          , Gg^Vwm      , Dd          , Gll^Fp      , Wwg         , Wwg         , Wo          , Wo          , Dd          , Ch          , Wo          , Wo^Bsb/     , Wwg^Bsb/    , Wwg         , Ch          , Gg^Esd      , Gg^Es       , Gg^Es       , Wwf         , Wwg         , Ss          , Sm          , Sm          , Sm          , Gs^Fp       , Hhd^Fmw     
Mm          , Mm          , Mm          , Hh^Fms      , Gs^Vh       , Gg          , Gll^Fp      , Gll^Fp      , Gg          , Rb          , Rb          , Gg^Edp      , Gg          , Gg^Edp      , Rb          , Gll^Fp      , Gll^Fp      , Gll^Fp      , Gll^Fp      , Wwg         , Wwg         , Wo          , Wo^Bsb/     , Rr          , Ch          , Wwg         , Wwg         , Wwg         , Wwg         , Gg          , Gg          , Ss          , Wwg         , Ss          , Ss          , Sm          , Gs^Fp       , Gs^Fp       , Gs^Fp       
Mm          , Mm          , Mm          , Mm          , Mm          , Hh^Fms      , Gll^Fp      , Gll^Fp      , Gll^Fp      , Gll^Fp      , Gg          , Rb          , Rb          , Rb          , Gg          , Rb          , Rb          , Gll^Fp      , Gg          , Ch          , Rr          , Wwf^Bsb/    , Wwg         , Wo          , Wo          , Dd          , Wwg         , Wo          , Wo          , Wwg         , Wwg         , Gs^Fp       , Wo          , Ss          , Ss          , Ss          , Sm          , Sm          , Sm          
Mm          , Mm          , Mm          , Mm          , Mm          , Hh^Fms      , Hh^Fms      , Ds          , Gll^Fp      , Gll^Fp      , Gd^Esd      , Gs^Fp       , Gg          , Gg          , Gs^Vhr      , Gll^Fp      , Gll^Fp      , Rr          , Rr          , Rr          , Gg          , Ch          , Gg          , Wwg         , Wwg         , Wo          , Wo          , Wo          , Wo          , Wo          , Wo          , Wwg         , Wwg         , Ss          , Ss          , Ss          , Ss          , Sm          , Hh^Fp       
Hhd^Fmw     , Mm          , Mm          , Mm          , Mm          , Mm          , Hh          , Gll^Fp      , Ds          , Gs^Fp       , Gs^Fp       , Gs^Fp       , Gs^Fp       , Gs^Fp       , Gg          , Gs          , Gg          , Hh^Fp       , Rr          , Rr          , Rr          , Gg          , Gg          , Gd^Esd      , Dd          , Wwg         , Wwg         , Wo          , Dd          , Wo          , Wo          , Wo          , Wo          , Wwg         , Ss          , Ss          , Ss          , Gs^Fp       , Gs^Fp       
Hhd^Fmw     , Mm          , Mm          , Mm          , Hhd^Fmw     , Hh          , Dd          , Gll^Fp      , Gll^Fp      , Dd          , Dd          , Gs^Fp       , Gg          , Gg          , Gg          , Gg          , Rb          , Rr          , Gg          , Gg          , Gg          , Rr          , Rb          , Gd^Esd      , Gg          , Dd          , Dd          , Dd          , Ss          , Ss          , Ss          , Wo          , Wo          , Wwg         , Wwg         , Ss          , Ss^Vhs      , Gg          , Gs^Fp       
Mm          , Mm          , Mm          , Mm          , Gll^Fp      , Gll^Fp      , Ds          , Gll^Fp      , Hh^Fp       , Ds          , Hh^Fp       , Gs^Fp       , Gg          , Gg          , Rb          , Rb          , Gg          , Gg          , Gd^Vhr      , Gg          , Gs          , Gg          , Gg          , Rb          , Rb          , Gd^Esd      , Gg          , Ss          , Ss          , Ss          , Ss          , Wwg         , Wwg         , Wo          , Wo          , Wwg         , Wwg         , Dd          , Gg          
Hh          , Hh          , Hhd^Fmw     , Hhd^Fmw     , Gll^Fp      , Gll^Fp      , Gll^Fp      , Hh^Fp       , Gg          , Hh          , Ce          , Ce          , Ce          , Hh          , Rb          , Gg          , Gg          , Hh          , Hh          , Hh          , Hhd^Fdw     , Gll^Fp      , Gll^Fp      , Gg          , Gs          , Rb          , Rb          , Gg          , Gg          , Ss          , Gd          , Ss^Vhs      , Ds          , Wwg         , Wwg         , Wo          , Wo          , Wo          , Wwg         
Gs^Fp       , Gs^Fp       , Gs          , Gd^Vhr      , Gg          , Gll^Fp      , Gll^Fp      , Gg          , Gd          , Gd          , Ce          , 3 Ke        , Ce          , Gs^Fp       , Rb          , Gg          , Gs^Fp       , Hhd^Fmw     , Hh          , Hh          , Gll^Fp      , Gll^Fp      , Hhd^Fmw     , Gs          , Gs          , Gd          , Rb          , Rb          , Rb          , Gg          , Gg          , Gs^Fp       , Gs^Fp       , Dd          , Gs^Fp       , Wwg         , Wwg         , Wo          , Wo          
Hh^Fp       , Gs^Fp       , Gs          , Gg          , Gg          , Gg          , Gg          , Gg          , Gs          , Gg          , Gg          , Ce          , Gs^Fp       , Gg          , Rb          , Gd          , Hh          , Hhd^Fmw     , Mm          , Mm          , Gll^Fp      , Gll^Fp      , Gll^Fp      , Gll^Fp      , Gll^Fp      , Gg          , Rb          , Gg          , Gd          , Rb          , Rb          , Gg          , Gg          , Gs^Fp       , Gs^Vc       , Dd          , Dd          , Wwg         , Wo          
Md          , Hh          , Hh^Fp       , Hh^Fp       , Hh^Fp       , Hh          , Hh^Fp       , Hh          , Hh          , Gg          , Gg          , Gs^Fp       , Rb          , Rb          , Gg          , Gg          , Hh          , Mm          , Mm          , Mm          , Mm          , Gll^Fp      , Gg          , Gs^Vhhr     , Rb          , Rb          , Hh^Fp       , Hh          , Hh          , Gg          , Gg          , Rb          , Rb          , Gg          , Gg          , Gd          , Gg^Eff      , Wwg         , Wwg         
Hh^Fp       , Md          , Md          , Md          , Md          , Md          , Md          , Md          , Hh          , Gg          , Gs          , Gs          , Rb          , Hh^Fp       , Hh^Fp       , Hh          , Mm          , Mm          , Mm          , Mm          , Rd          , Gg^Es       , Rd          , Rd          , Rd          , Hhd^Fdw     , Mm          , Mm          , Hh^Fp       , Gs          , Hh^Vhh      , Gg          , Gs          , Rb          , Rb          , Gg          , Gs          , Gg^Eff      , Gg^Eff      
Hh^Fp       , Hh          , Hh^Fp       , Md          , Mm          , Hh^Fp       , Gs^Fp       , Hh          , Gs          , Gs          , Gs          , Gd^Vhhr     , Rb          , Hh^Fp       , Mm          , Mm          , Hhd^Fmw     , Mm          , Hhd^Fmw     , Hhd^Vhhr    , Hhd^Y26     , Rd          , Dd          , Dd          , Hhd^Fdw     , Hhd^Fdw     , Hhd^Fdw     , Hh^Fp       , Hh^Fp       , Mm          , Mm          , Hh^Fp       , Mm          , Gg          , Re          , Gg          , Gg          , Gs          , Hh^Fp       
Md          , Hh^Fp       , Md          , Mm          , Mm          , Mm          , Hh^Fp       , Gs          , Hh^Fp       , Hh^Fp       , Hh^Fp       , Gs          , Rb          , Hh          , Hh          , Hhd         , Hhd^Fmw     , Mm          , Re          , Ds          , Hhd         , Dd          , Hhd^Fdw     , Hhd^Fdw     , Mm          , Mm          , Mm          , Mm          , Rb          , Rb          , Rb          , Mm          , Rb          , Rb          , Hh^Fp       , Hh^Fp       , Hh^Fp       , Hh^Fp       , Mm          
Md          , Md          , Md          , Mm          , Mm          , Mm          , Mm          , Hh^Fp       , Md          , Md          , Md          , Hh^Fp       , Gg          , Rb          , Rb          , Gg          , Hh^Fp       , Mm          , Mm          , Hhd^Fdw     , Re          , Hhd         , Hhd^Fdw     , Mm          , Mm          , Mm          , Mm          , Mm          , Rb          , Hh^Fp       , Mm          , Rb          , Mm          , Hh^Fp       , Mm          , Mm          , Mm          , Mm          , Mm          
Md          , Md          , Md          , Hh^Fp       , Hh^Fp       , Hh^Fp       , Hh^Fp       , Mm          , Gs^Fp       , Hh^Fp       , Hh^Fp       , Hh^Fp       , Gg          , Gg          , Gg          , Rb          , Rb          , Hh^Fp       , Hh^Fp       , Hhd^Fdw     , Gll         , Hhd         , Uh^Dr       , Md          , Mm          , Hh^Fp       , Gd^Vh       , Rb          , Hh^Fp       , Hh^Fp       , Mm          , Mm          , Hh^Fp       , Hh^Fp       , Hh^Fp       , Mm          , Hh^Fp       , Mm          , Mm          
Md          , Md          , Hh          , Hh          , Gs          , Hh^Fp       , Hh^Fp       , Md          , Hh          , Gg^Es       , Gg          , Gg          , Gg          , Gg          , Gg          , Gg          , Gg          , Rb          , Rb          , Gg^Y26      , Chr         , Chr^Y26     , Uh^Dr       , Hhd^Dr      , Mm          , Hh^Fp       , Hh          , Rb          , Gg          , Mm          , Hh          , Hh          , Mm          , Mm          , Hh^Fp       , Hh^Fp       , Hh^Fp       , Mm          , Mm          
Md          , Md          , Gll^Fp      , Hh          , Hhd^Vhhr    , Gs          , Gs          , Hh          , Gs          , Gd          , Hh^Fp       , Gll^Fp      , Gll^Fp      , Hh^Fp       , Hh^Fp       , Hh          , Gll^Fp      , Gg          , Rb          , Gd^Es       , Chr         , Khr         , Uh^Y27      , Hh^Y26      , Hh          , Gg          , Rb          , Rb          , Gs^Fp       , Hh^Fp       , Hh^Fp       , Hh          , Gg          , Ds          , Hh^Fp       , Hh^Fp       , Hh^Fp       , Mm          , Mm          
Md          , Md          , Md          , Hh^Fp       , Md          , Gd^Esd      , Gll^Fp      , Gs          , Hh^Fp       , Hh^Fp       , Mm          , Hhd^Vhhr    , Hh^Fp       , Md          , Md          , Md          , Gll^Fp      , Gg          , Rb          , Hh^Y27      , Gs^Fp       , Chr         , Gs^Fp       , Gg          , Rb          , Rb          , Gg^Gvs      , Gg          , Gs^Fp       , Ds          , Gd          , Gs^Fp       , Hh          , Gg          , Hh^Fp       , Hh^Fp       , Hh^Fp       , Mm          , Mm          
Md          , Md          , Md          , Md          , Md          , Hh^Fp       , Mm          , Hh^Fp       , Mm          , Mm          , Hh          , Hh^Fp       , Hh          , Gll^Fp      , Hh          , Hh^Fp       , Gs^Es       , Gg          , Rb          , Hh          , Hh^Fp       , Gg          , Rb          , Rb          , Gg          , Rb          , Rb          , Gg          , Gs^Fp       , Ds          , Gs^Fp       , Gs^Fp       , Gs^Fp       , Hh          , Gg          , Hh^Fp       , Hh^Fp       , Hh^Fp       , Mm          
Md          , Md          , Md          , Md          , Mm          , Mm          , Hh^Fp       , Mm          , Hh^Fp       , Hh^Fp       , Gg          , Gg          , Gg          , Gg          , Gg          , Gll^Fp      , Rb          , Rb          , Hh          , Rb          , Rb          , Rb          , Gg          , Gg          , Gs^Fp       , Gg          , Rb          , Gg^Fet      , Gd^Vhr      , Gs^Fp       , Gg          , Gg          , Gg          , Hh          , Gg          , Re          , Hh^Fp       , Mm          , Hh^Fp       
Md          , Md          , Hh          , Hh          , Gs^Fp       , Hh^Fp       , Gd          , Hh^Fp       , Gg          , Gg          , Rb          , Rb          , Rb          , Rb          , Rb          , Gg          , Rb          , Gs          , Hhd^Fmw     , Hh^Fp       , Gs^Fp       , Gg          , Hh^Fp       , Gs^Fp       , Gg          , Gg          , Gg          , Rb          , Rb          , Gg          , Uh^Dr       , Rr^Dr       , Ch^Y26      , Gg          , Hh          , Gg          , Gg          , Hh^Fp       , Gg          
Gs^Fp       , Gs^Fp       , Gs^Fp       , Gs^Fp       , Gs^Fp       , Gs^Fp       , Gs^Fp       , Gd^Vhr      , Rb          , Rb          , Gg          , Gg          , Ds          , Gs^Vh       , Gs^Fp       , Rb          , Gg          , Gs^Fp       , Hh          , Hh          , Hh          , Hh^Fp       , Md          , Hh^Fp       , Hh^Fp       , Gs          , Gg          , Gg          , Rb          , Gg^Y26      , Chr         , 4 Khr       , Chr         , Hh          , Mm          , Hh          , Mm          , Hh^Vhh      , Gg          
Hh          , Hh          , Gs^Fp       , Gs^Fp       , Gs^Fp       , Gs^Fp       , Gg          , Gg          , Rb          , Gg          , Gs^Fp       , Gg          , Gs^Fp       , Gs^Fp       , Gg          , Rb          , Gs^Fp       , Gs^Fp       , Hh          , Md          , Md          , Md          , Md          , Hh^Fp       , Hh^Fp       , Gs          , Gg          , Gg          , Rb          , Gg          , Hh          , Chr^Dr      , Hh          , Md          , Gg          , Mm          , Mm          , Hh          , Hh          
Gg          , Gg          , Gg          , Gs          , Gg          , Gg          , Rb          , Rb          , Gs          , Gs          , Hh^Fp       , Hh^Fp       , Hh^Fp       , Gg          , Gg          , Rb          , Gg          , Gd          , Hh^Fp       , Md          , Hh          , Hh^Fp       , Hh^Fp       , Hh^Fp       , Gs          , Gs          , Gg          , Rb          , Gg          , Hh^Fp       , Gg          , Hh^Fp       , Hh^Fp       , Gg          , Md          , Hh^Fp       , Hh^Fp       , Hh^Fp       , Hh^Fp       
Gg          , Gg          , Gg          , Gg          , Gg          , Gg          , Rb          , Gg          , Gg          , Gg          , Hh^Fp       , Hh^Fp       , Hh^Fp       , Gg          , Gg          , Rb          , Gg          , Gd          , Hh^Fp       , Hh          , Hh^Fp       , Hh^Fp       , Gs          , Gs          , Gg          , Gg          , Gg          , Rb          , Gg          , Hh^Fp       , Hh^Fp       , Hh^Fp       , Hh^Fp       , Hh          , Hh          , Md          , Hh^Fp       , Md          , Hh^Fp       
Gg          , Gg          , Gg          , Gg          , Gg          , Gg          , Rb          , Gg          , Gg          , Gg          , Gs          , Hh^Fp       , Hh^Fp       , Hh^Fp       , Gg          , Rb          , Rb          , Gg          , Gd          , Hh^Fp       , Gg          , Gd          , Gg          , Gg          , Gg          , Gg          , Gg          , Rb          , Gg          , Gs^Es       , Gg          , Gg          , Gs^Vh       , Hh^Fp       , Gg^Es       , Hh^Fp       , Hh^Fp       , Md          , Md          
Gg          , Gg          , Gg          , Gg          , Gg          , Gg          , Rb          , Gg          , Gg          , Gs          , Hh^Fp       , Hh^Fp       , Hh          , Hh^Fp       , Gg          , Gg          , Rb          , Gg          , Gg          , Gg          , Gg          , Gg          , Hh^Fp       , Hh^Fp       , Hh^Fp       , Gg          , Gs^Vh       , Rb          , Rb          , Gg          , Rb          , Rb          , Rb          , Gg          , Gg          , Hh^Fp       , Hh^Fp       , Hh^Fp       , Md          
Gg          , Gg          , Gg          , Gg          , Gg          , Gg          , Rb          , Gg          , Gs          , Hh^Fp       , Hh          , Hh          , Md          , Hh^Fp       , Gs          , Gs^Vh       , Gg          , Gg          , Gg          , Gg          , Gg          , Gg          , Hh^Fp       , Hh          , Hh^Fp       , Gg          , Gg          , Gg          , Gg          , Rb          , Gg          , Gg          , Gg          , Rb          , Gs^Vh       , Gg          , Hh^Fp       , Hh^Fp       , Hh^Fp       
Gg          , Gg          , Gg          , Gg          , Rb          , Rb          , 1 Gg        , Gg          , Gs          , Hh^Fp       , Hh^Fp       , Md          , Md          , Hh^Fp       , Hh^Fp       , Gs          , Hh^Fp       , Hh^Fp       , Hh^Fp       , Gs          , Hh^Fp       , Gs          , Hh          , Md          , Md          , Hh^Fp       , Hh^Fp       , Hh^Fp       , Gg          , Gg          , Gg          , Gg^Edp      , Gg          , Gg          , Hh^Fp       , Gg          , Hh^Fp       , Hh^Fp       , Md          
Gg          , Gg          , Rb          , Rb          , Gg          , Gg          , Gg          , Gg          , Gs          , Hh^Fp       , Hh^Fp       , Hh          , Md          , Hh^Fp       , Hh^Fp       , Hh^Fp       , Hh^Fp       , Hh^Fp       , Hh^Fp       , Hh^Fp       , Hh^Fp       , Hh^Fp       , Hh          , Md          , Md          , Hh^Fp       , Hh^Fp       , Hh^Fp       , Hh^Fp       , Hh^Fp       , Hh^Fp       , Hh^Fp       , Hh^Fp       , Hh^Fp       , Hh^Fp       , Hh^Fp       , Hh^Fp       , Hh^Fp       , Hh^Fp       
