border_size=1
usage=map

Mm          , Mm          , Mm          , Mm          , Mm          , Mm          , Mm          , Mm          , Mm          , Mm          , Mm          , Hh          , Hh          , Mm          , Mm          , Mm          , Mm          , Mm          , Mm          , Mm          , Mm          , Mm          , Ww          , Ww          , Mm          , Mm          , Mm          , Mm          , Mm          , Mm          , Mm          , Hh          , Hh          , Hh          , Mm          , Mm          , Mm          , Mm          , Mm          , Mm          
Mm          , Hh          , Hh          , Mm          , Hh          , Mm          , Hh          , Hh          , Hh          , Mm          , Hh          , Hh          , Hh          , Hh          , Mm          , Mm          , Gs^Fp       , Gg          , Gs^Fp       , Mm          , Mm          , Mm          , Ww          , Ww          , Mm          , Mm          , Hh          , Hh          , Hh          , Hh          , Hh          , Hh          , Hh^Fp       , Hh          , Mm          , Mm          , Mm          , Mm          , Mm          , Mm          
Mm          , Mm          , Hh          , Chr         , Chr         , Hh          , Hh          , Hh          , Hh          , Hh          , Hh          , Hh          , Gs^Fp       , Hh          , Gs^Fdw      , Gs^Fp       , Gs^Fp       , Gs^Fp       , Gs^Fp       , Gs^Fp       , Mm          , Ww          , Ww          , Gs^Fp       , Gs^Fp       , Gs^Fmf      , Hh^Fp       , Hh          , Gs^Fp       , Hh^Fds      , Hh^Fp       , Hh^Fp       , Hh^Fp       , Hh          , Hh^Fmw      , Mm          , Mm^Vu       , Mm          , Hh^Fms      , Hh^Fp       
Mm          , Hh          , Chr         , Chr         , 6 Khr       , Chr         , Hh^Dr       , Hh          , Gg          , Hh^Vo       , Gs^Fp       , Gs^Fp       , Gg          , Gs^Fp       , Gs^Fp       , Gs^Fp       , Gs^Fp       , Gs^Fp       , Gs^Fp       , Gs^Fp       , Gs^Fp       , Ww          , Ww          , Gs^Fp       , Gs^Fp       , Hh^Vc       , Gs^Fp       , Gs^Fp       , Gs^Fp       , Hh^Vc       , Gs^Fp       , Gg          , Gg          , Hh^Fmw      , Hh          , Hh          , Hh^Fms      , Hh^Fp       , Hh^Fms      , Hh          
Mm          , Hh          , Hh^Dr       , 7 Uh^Xo     , Uh^Dr       , Chr         , Hh          , Hh          , Hh          , Gg          , Hh^Fp       , Gd^Ve       , Hh^Fmw      , Gs^Fp       , Gs^Fp       , Gg          , Gs^Fp       , Gs^Fp       , Gs^Fp       , Gs^Fp       , Gs^Fp       , Wwf         , Wwf         , Gs^Fp       , Gs^Fp       , Gs^Fp       , Gs^Fp       , Gs^Fp       , Hh^Ve       , Gs^Fp       , Ce          , Ce          , Ce          , Gg          , Hh^Vu       , Hh^Fp       , Mm          , Hh          , Mm          , Mm          
Hh          , Hh          , Hh^Vo       , Uh^Dr       , Hh^Dr       , Hh          , Hh          , Hh          , Hh          , Gg          , Gs^Fp       , Hh^Fp       , Gs^Fp       , Gs^Fp       , Gs^Fp       , Gs^Fp       , Gs^Fp       , Gs^Fp       , Re          , Re          , Re          , Wwf         , Wwf         , Gs^Fp       , Gs^Fp       , Gs^Fp       , Gg          , Gs^Fp       , Gs^Fp       , Gs^Fp       , Ce          , 5 Ke        , Ce          , Gg          , Gg          , Hh^Fp       , Mm          , Hh          , Mm          , Mm          
Hh^Fp       , Hh^Fp       , Re          , Hh          , Gg          , Hh          , Hh          , Hh          , Hh^Fdw      , Hh^Fdw      , Gs^Fp       , Gs^Fp       , Gs^Fp       , Gs^Fp       , Gs^Fp       , Gs^Fp       , Re          , Re          , Gs^Fms      , Gs^Fms      , Gs^Fms      , Ww          , Ww          , Re          , Re          , Gs^Fp       , Gs^Fp       , Gs^Fp       , Gs^Fp       , Re          , Re          , Ce          , Hh          , Gg          , Hh          , Mm          , Mm          , Mm          , Mm          , Mm          
Hh^Fp       , Hh^Fp       , Hh^Fp       , Hh^Fp       , Gg          , Hh^Vo       , Re          , Hh          , Gs^Fp       , Gs^Fp       , Gs^Fp       , Gs^Fp       , Gs^Fp       , Gg          , Gs^Fp       , Gs^Fp       , Re          , Gs^Fp       , Gs^Fp       , Gs^Fp       , Gs^Fms      , Ww          , Ww          , Gs^Fp       , Gg^Fet      , Re          , Re          , Gs^Fp       , Re          , Re          , Hh^Fds      , Re          , Hh          , Hh^Vu       , Ce          , Hh^Fds      , Hh^Fmw      , Hh^Fmw      , Hh^Fds      , Mm          
Gs^Fp       , Hh^Fp       , Hh^Fp       , Hh^Fp       , Hh^Fp       , Gg          , Hh^Fp       , Gs^Fp       , Gs^Fp       , Gs^Fp       , Gs^Fp       , Gs^Fp       , Gs^Fp       , Gs^Fp       , Gs^Fp       , Re          , Gs^Fms      , Gs^Fp       , Gs^Fms      , Gg          , Gs^Fms      , Ww          , Ww          , Gs^Fmf      , Gs^Fp       , Gs^Fp       , Gs^Fp       , Re          , Re          , Gs^Fp       , Gs^Fp       , Re          , Hh^Fds      , Ce          , Hh          , Hh          , Hh          , Hh          , Hh          , Mm          
Gs^Fp       , Gs^Fp       , Hh^Fp       , Hh^Fp       , Hh^Fp       , Gg          , Gs^Fp       , Gs^Fp       , Gs^Fp       , Gs^Fp       , Re          , Gs^Fp       , Hh^Fp       , Hh^Fdw      , Gs^Fp       , Re          , Gs^Fp       , Gs^Fp       , Gs^Fp       , Gs^Fp       , Gs^Fms      , Ww          , Ww          , Gs^Fms      , Gs^Fms      , Gs^Fp       , Re          , Gs^Fp       , Re          , Gs^Fp       , Gg^Ve       , Re          , Re          , Hh          , Gg          , Hh          , Hh          , Hh          , Mm          , Mm          
Gs^Fp       , Gs^Fp       , Gs^Fp       , Hh          , Hh^Fdw      , Gg          , Gg          , Gs^Fp       , Gs^Fp       , Re          , Gs          , Re          , Gg^Ve       , Hh^Fdw      , Re          , Re          , Re          , Gs^Fms      , Gs^Fms      , Gs^Fms      , Ww          , Ww          , Ss          , Ww          , Wwf         , Re          , Gs^Fms      , Re          , Gg^Fet      , Gs^Fp       , Gs^Fp       , Hh          , Gs^Fp       , Re          , Re          , Gg          , Hh          , Mm          , Mm          , Mm          
Gs^Fp       , Gs^Fp       , Gs^Fp       , Gs^Fp       , Gs^Fp       , Hh^Fdw      , Gs^Fdw      , Gg          , Re          , Re          , Gs^Fms      , Re          , Re          , Re          , Gs^Fms      , Gs^Fms      , Gs^Fms      , Re          , Re          , Ww          , Ss          , Ss          , Cv          , Wwf         , Wwf         , Gs^Fms      , Gs^Fms      , Gg          , Gg          , Gg          , Gs^Fms      , Gs^Fp       , Gs^Fp       , Gs^Fp       , Re          , Hh          , Mm          , Mm          , Mm          , Mm          
Gs^Fp       , Gs^Fp       , Gll^Fp      , Gs^Fp       , Gg^Ve       , Hh^Fdw      , Gs          , Gs          , Re          , Gs^Fms      , Gs^Fms      , Gg^Fet      , Gs^Fp       , Gs^Fp       , Gs^Fp       , Gs^Fms      , Gs^Fms      , Gs^Fms      , Gs^Fms      , Ww^Bw\      , Re          , Cv          , Kv          , Cv          , Wwf         , Gs^Fms      , Gs^Fms      , Gs^Fms      , Gs^Fp       , Gs^Fp       , Gs^Fp       , Gg          , Re          , Re          , Gg          , Hh          , Hh          , Mm          , Mm          , Mm          
Gll^Fp      , Gll^Fp      , Gll^Fp      , Hh^Fp       , Gll^Fp      , Gll^Fp      , Re          , Re          , Gs^Fp       , Gs^Fms      , Gs^Fms      , Gs^Fms      , Gs^Fms      , Gs^Fms      , Gs^Fp       , Gs^Fms      , Gs^Fms      , Gs^Fms      , Ww          , Ww          , Gg^Ve       , Cv          , Hh          , Cv          , Ww          , Ww          , Ww          , Gs^Fms      , Gs^Fms      , Gs^Fp       , Gg^Ve       , Re          , Re          , Gg          , Gs^Fms      , Hh          , Hh^Vc       , Mm          , Mm          , Mm          
Gs^Fp       , Gs^Fp       , Gs^Fp       , Gs^Fp       , Hh^Fmw      , Re          , Gs^Fp       , Gs^Fp       , Gs^Fp       , Gs^Fms      , Gs^Fp       , Gs^Fms      , Gs^Fp       , Gs^Fms      , Gs^Fms      , Gs^Fms      , Ww          , Ww          , Cv          , Cv          , Cv          , Cv          , Gg^Ve       , Kv          , Cv          , Ww          , Ww          , Ww          , Ww          , Gs^Fp       , Gs^Fms      , Re          , Wwf         , Hh^Fp       , Gs^Fms      , Gs^Fms      , Gs^Fms      , Gs^Fp       , Hh          , Mm          
Gs^Fp       , Gs^Fp       , Gs^Fp       , Hh^Fms      , Gs^Fp       , Re          , Gs^Fp       , Gs^Fms      , Gs^Fms      , Gs^Fp       , Gs^Fp       , Gg^Ve       , Gs^Fp       , Gs^Fms      , Gs^Fms      , Wwf         , Wwf         , Hh^Fds      , Cv          , Cv          , Cv          , Gg^Ve       , Gg^Ve       , Hh          , Gg^Fet      , Cv          , Gg^Ve       , Ww          , Ww          , Ww          , Ww          , Wwf         , Wwf         , Ww          , Ww          , Gs^Fms      , Gs^Fms      , Hh^Fmw      , Ww          , Ww          
Gs^Fp       , Gs^Fp       , Gs^Fp       , Gs^Fp       , Hh^Fp       , Re          , Gs^Fms      , Gs^Fms      , Gs^Fms      , Gs^Fms      , Gs^Fms      , Gs^Fp       , Gs^Fms      , Gs^Fms      , Ww          , Wwf         , Ww          , Hh^Fds      , Gg^Fet      , 2 Kv        , Cv          , Gg^Fet      , Cv          , Cv          , Cv          , Cv          , Gs^Fp       , Gg^Ve       , Gs^Fp       , Ww          , Ww          , Wwf         , Re          , Ww          , Ww          , Ww          , Ww          , Ww          , Wo          , Wo          
Gs^Fp       , Gs^Fp       , Gs^Fp       , Gg^Ve       , Hh^Fp       , Re          , Re          , Gs^Fms      , Gs^Fms      , Gg^Fet      , Gs^Fms      , Gs^Fms      , Gs^Fp       , Gs^Fms      , Ww          , Ss          , Ww          , Hh^Fdf      , Gs^Fp       , Gg^Ve       , Gs^Fp       , Cv          , Gg^Ve       , Cv          , Gg^Fet      , Gs^Fp       , Gs^Fp       , Gs^Fp       , Gs^Fmf      , Gs^Fmf      , Gs^Fms      , Gg^Ve       , Re          , Gs^Fms      , Gs^Fms      , Ww          , Wo          , Wo          , Gg^Fet      , Mm          
Hh^Fp       , Gs^Fp       , Gs^Fp       , Gs^Fp       , Gs^Fp       , Hh^Fp       , Hh^Fp       , Re          , Re          , Gs^Fms      , Re          , Gs^Fp       , Gs^Fms      , Gs^Fms      , Ww          , Ss          , Ww          , Ww          , Hh^Fmw      , Gs^Fp       , Gs^Fp       , Gs^Fms      , Gs^Fms      , Gs^Fms      , Gs^Fms      , Gs^Fp       , Gs^Fms      , Gs^Fms      , Gs^Fms      , Gs^Fms      , Gll^Fp      , Gs^Fms      , Re          , Gg^Ve       , Gs^Fms      , Hh^Fmw      , Hh^Fp       , Gg          , Rb          , Mm          
Mm          , Hhd         , Hh^Fp       , Hh^Fp       , Gs^Fp       , Gs^Fp       , Gs^Fp       , Hh^Fp       , Hh^Fp       , Re          , Hh^Fp       , Re          , Re          , Gs^Fms      , Ww          , Ww          , Hhd^Fmw     , Ww          , Ss          , Hh^Fmw      , Gs^Fp       , Gs^Fp       , Gg^Ve       , Gs^Fp       , Gs^Fms      , Gll^Fp      , Gs^Fms      , Gs^Fms      , Gs^Fmf      , Gs^Fms      , Gs^Fp       , Gs^Fp       , Re          , Gs^Fms      , Gs^Fms      , Gs^Fms      , Ce          , Ce          , Ce          , Mm          
Mm          , Mm          , Mm          , Hh          , Hh^Fp       , Gs^Fp       , Gs^Fp       , Hh^Ve       , Hh^Fp       , Hh^Fp       , Hh^Fp       , Hh^Fp       , Re          , Gg          , Ww          , Gs^Fp       , Hh^Fmw      , Ww          , Ss          , Hh^Fds      , Gs^Fp       , Gs^Fms      , Gs^Fp       , Gs^Fp       , Gs^Fms      , Gs^Fmf      , Gs^Fms      , Gs^Fp       , Gs^Fms      , Gs^Fms      , Gs^Fms      , Gs^Fms      , Re          , Gs          , Re          , Re          , Ce          , 4 Ke        , Ce          , Mm          
Mm          , Mm          , Mm          , Hh          , Hh^Fp       , Gs^Fp       , Gs^Fp       , Hh^Fp       , Gs^Fp       , Hh^Fp       , Hh^Fp       , Hh^Fp       , Re          , Gg          , Ww          , Gs^Fp       , Gs^Fp       , Ww          , Ww          , Ss          , Gs^Fms      , Gs^Fp       , Gs^Fp       , Gs^Fms      , Gs^Fms      , Gs^Fms      , Gs^Fms      , Gs^Fms      , Gs^Fms      , Gs^Fmf      , Gg          , Gg          , Re          , Re          , Hh^Fmw      , Hh^Fp       , Hh^Fds      , Ce          , Hh          , Mm          
Mm          , Mm          , Mm          , Hh^Fp       , Gs^Fp       , Gg          , Gs^Fp       , Hh^Fp       , Hh^Fp       , Hh^Fp       , Hh^Fp       , Hh^Ve       , Re          , Gg          , Ww          , Gs^Fp       , Ss^Vht      , Ss          , Ww          , Ss          , Gll^Fp      , Gll^Fp      , Gll^Fp      , Gs^Fms      , Gll^Fp      , Gll^Fp      , Gs^Fms      , Gs^Fms      , Gg          , Gg          , Re          , Re          , Hh          , Hh^Fp       , Md          , Md          , Md          , Hh          , Hh          , Mm          
Hh^Fp       , Mm          , Hh^Fp       , Gs^Fp       , Gs^Fp       , Gg          , Gg          , Hh^Ve       , Gs^Fp       , Gg          , Re          , Re          , Gg          , Wwf         , Wwf         , Ss          , Ss          , Ss          , Ww          , Ss          , Ss          , Gs^Fms      , Gs^Fms      , Gll^Fp      , Gg^Ve       , Gll^Fp      , Gll^Fp      , Gg          , Re          , Re          , Gs          , Hh^Fp       , Hh^Vu       , Hh^Fp       , Hh^Fp       , Mm          , Hh          , Hh          , Hh          , Mm          
Gs^Fp       , Hh^Fp       , Gs^Fp       , Gs^Fp       , Gs^Fp       , Gs^Fp       , Gs^Fp       , Gs^Fp       , Hh^Fdw      , Re          , Gg^Vc       , Re          , Ww^Bw\      , Ww          , Gg          , Gg          , Re          , Ss          , Ss          , Ss          , Ss^Vhs      , Gs^Fms      , Gs^Fp       , Gs^Fp       , Gs^Fmf      , Gs^Fms      , Hh^Fp       , Gg          , Re          , Gs          , Hh^Fp       , Hh^Fp       , Hh          , Hh          , Hh          , Hh^Vu       , Hh          , Hh          , Mm          , Hh^Fmw      
Hh^Fp       , Gs^Fp       , Ce          , Re          , Gs^Fp       , Gs^Fp       , Gs^Fp       , Hh^Fp       , Gs^Fp       , Re          , Gg          , Ww          , Ww          , Re          , Re          , Re          , Gg          , Re          , Ss^Bw\r     , Ww          , Ss          , Hh^Fp       , Gll^Fp      , Gs^Fp       , Gll^Fp      , Hh^Fp       , Gll^Fp      , Gg          , Re          , Gg          , Gg          , Hh^Fp       , Mm          , Hh          , Hhd^Fmw     , Hh          , Mm          , Hh^Vu       , Hh^Fmw      , Mm          
Gs^Fp       , Ce          , 3 Ke        , Ce          , Re          , Ce          , Gg          , Hh          , Gs^Fp       , Re          , Gg          , Ww          , Wwt         , Gg          , Ss          , Ss          , Ss^Fdw      , Ss          , Ss          , Ss^Bw\r     , Re          , Gg          , Gg          , Gll^Fp      , Gg          , Gg          , Gg          , Gg          , Gs          , Re          , Gg          , Hh^Fp       , Mm          , Mm          , Mm^Fdw      , Mm          , Mm          , Mm          , Mm          , Mm          
Hh^Fp       , Ce          , Ce          , Ce          , Gs^Fp       , Re          , Re          , Re          , Re          , Re          , Gg          , Ww          , Ww          , Ss          , Ss          , Ss^Vhs      , Ww          , Ss          , Ww          , Ss          , Gg          , Re          , Re          , Gg          , Re          , Re          , Re          , Gs          , Re          , Re          , Gg          , Hh^Fp       , Hhd^Fmw     , Hhd^Fmw     , Mm          , Mm^Fdw      , Md          , Mm          , Mm          , Mm          
Gs^Fp       , Hh^Fp       , Gs^Fp       , Gs^Fp       , Ce          , Gs^Fp       , Hh^Fdw      , Gs^Fp       , Hh          , Gg          , Wwt         , Ww          , Ss          , Ss          , Ss          , Ss          , Ss^Fdw      , Ss          , Ss          , Hh^Fp       , Hh          , Gg          , Gs          , Re          , Gs          , Gg          , Gg          , Re          , Gg          , Re          , Gs          , Gs^Vh       , Gs          , Hhd^Fmw     , Hhd^Fmw     , Hh^Fp       , Hh^Fp       , Md          , Md          , Mm          
Gs^Fp       , Gs^Fp       , Gs^Fp       , Gs^Fp       , Gs^Fp       , Gs^Fp       , Gs^Fp       , Hh          , Hh          , Wwt         , Ww          , Wwt         , Hh^Fp       , Ss          , Hh^Fp       , Ss          , Hh^Fp       , Hh^Fp       , Ss          , Hh^Fp       , Hh          , Hh^Vu       , Hh          , Gs          , Hh^Fp       , Hh^Fp       , Hh^Fp       , Gg          , Gg          , Re          , Gg          , Rb          , Gg          , Rb          , Gs          , Hh^Fp       , Hh^Fp       , Hh^Fp       , Hh^Fp       , Hh^Fp       
Gs^Fp       , Gs^Fp       , Gs^Fp       , Hh^Vc       , Hh^Fp       , Gs^Fp       , Gs^Fp       , Hh          , Gs^Fp       , Wwt         , Ww          , Hh^Fdf      , Ss          , Ss          , Md          , Ss          , Ss          , Ss          , Md          , Hh^Fp       , Md          , Md          , Md          , Hh          , Md          , Hh^Fp       , Hh^Fp       , Gll^Fp      , Gg          , Re          , Gg          , Gg          , Gg          , Gg          , Hh          , Hh^Fp       , Hh^Fp       , Hh^Fp       , Hh^Fp       , Md          
Gs^Fp       , Gs^Fp       , Gs^Fp       , Hh^Fp       , Hh^Fp       , Gs^Fp       , Hh^Fp       , Gs^Fp       , Hh^Fp       , Wwt         , Ww          , Ss          , Hh          , Mm          , Mm          , Hh^Fp       , Md          , Hh          , Md          , Md          , Md          , Md          , Md          , Hh          , Md          , Md          , Hh^Fp       , Gll^Fp      , Gg          , Re          , Gg          , Gg          , Gg          , Gg          , Gg          , Gg          , Gg          , Hh^Fp       , Hh^Fp       , Hh^Fp       
Hh^Fp       , Hh^Fp       , Hh^Fp       , Hh^Fp       , Hh^Fp       , Hh^Fp       , Hh^Fp       , Hh^Fp       , Hh^Fp       , Wwt         , Ww          , Hh^Fp       , Mm          , Mm          , Mm          , Hh          , Md          , Hh^Fdw      , Md^Fdw      , Md          , Hh          , Md          , Md          , Md          , Md          , Md          , Md^Fdw      , Hh^Fp       , Gg          , Re          , Re          , Gg          , Gg          , Gg          , Ce          , Hh          , Hh          , Hh^Fp       , Hh^Fp       , Hh^Fp       
Hh          , Hh          , Hh^Fp       , Hh          , Hh          , Hh          , Hh          , Hh          , Wot         , Wot         , Wot         , Hh          , Md          , Md          , Hh          , Md          , Md          , Md          , Md          , Hh          , Md          , Md          , Md          , Md          , Md          , Md^Fdw      , Md          , Hh          , Gg          , Gg          , Gg          , Re          , Gg          , Ce          , 1 Ke        , Ce          , Hh          , Gg          , Gg          , Hh          
Md          , Md          , Md          , Hh          , Hh          , Hh^Fp       , Hh^Fp       , Hh          , Wot         , Wot         , Wot         , Hh          , Hh^Fp       , Hh          , Md          , Md          , Md          , Md          , Hh          , Hh          , Md          , Md          , Md          , Md          , Md          , Hh^Fdw      , Md          , Hh          , Hh^Fp       , Gg          , Gg          , Re          , Gg          , Ce          , Ce          , Ce          , Hhd^Fdw     , Gg^Fdw      , Hh          , Hh          
Md          , Md          , Md          , Md          , Md          , Hh          , Hh          , Wot         , Wot         , Wot         , Hh          , Hh^Fp       , Md          , Md          , Md          , Md          , Md          , Hh          , Md          , Md          , Md          , Md          , Md          , Md          , Md          , Hh          , Hh          , Hh          , Hh          , Hh^Fp       , Gg          , Re          , Re          , Gg          , Hh          , Hh^Fdw      , Gg          , Hhd^Fmw     , Hh^Fp       , Hh          
Md          , Md          , Md          , Md          , Md          , Hh          , Hh          , Wot         , Wot         , Wot         , Hh          , Hh          , Hh          , Md          , Md          , Md          , Md          , Md          , Md          , Md          , Md          , Md          , Md          , Md          , Md          , Md          , Md          , Hh          , Hh          , Hh          , Gg          , Gg          , Re          , Gg          , Gg          , Hh          , Gg          , Hhd^Fmw     , Hhd^Fmw     , Hh          
