border_size=1
usage=map

Xu          , Xu          , Xu          , Xu          , Xu          , Xu          , Xu          , Xu          , Xu          , Xu          , Xu          , Xu          , Xu          , Xu          , Xu          , Xu          , Xu          , Xu          , Xu          , Xu          , Xu          , Xu          , Xu          , Xu          , Xu          , Xu          , Xu          , Xu          , Xu          , Xu          , Xu          , Xu          , Xu          , Xu          , Xu          , Xu          , Xu          , Xu          , Xu          , Qxe^5       , Ms^Xm       , Ms^Xm       
Xu          , Xu          , Xu          , Xu          , Xu          , Xu          , Xu          , Xu          , Xu          , Xu          , Uh          , Ur^Emf      , Uh          , Uh          , Ur          , Uu          , Uu          , Xu          , Xu          , Xu          , Xu          , Uu          , Ur          , Xu          , Uh          , Xu          , Xu          , Xu          , Xu          , Xu          , Xu          , Xu          , Xu          , Xu          , Xu          , Xu          , Xu          , Xu          , Ms^Xm       , Qxe^5       , Ms^Xm       , Ms^Xm       
Xu          , Xu          , Xu          , Xu          , Xu          , Xu          , Xu          , Xu          , Xu          , Xu          , Uh          , 3 Ur^Kov    , Uu          , Ur          , Uh          , Ur          , Xu          , Uu          , Ur          , Xu          , Xu          , Uh          , Uh          , Uu          , Rd          , Ur          , Ur          , Xu          , Xu          , Xu          , Xu          , Xu          , Xu          , Xu          , Xu          , Xu          , Xu          , Ms^Xm       , Ms^Xm       , Qxe^5       , Ms^Xm       , Ms^Xm       
Xu          , Xu          , Xu          , Xu          , Xu          , Xu          , Xu          , Xu          , Xu          , Xu          , Uu          , Uue^Kov     , Uh          , Ur          , Ur          , Uu          , Xu          , Xu          , Ur          , Xu          , Xu          , Xu          , Xu          , Xu          , Xu          , Uu          , Ur          , Uh          , Ds          , Xu          , Xu          , Xu          , Xu          , Xu          , Xu          , Xu          , Ms^Xm       , Ms^Xm       , Ms^Xm       , Qxe^5       , Ha          , Ms^Xm       
Xu          , Xu          , Xu          , Xu          , Xu          , Xu          , Xu          , Xu          , Xu          , Xu          , Uue         , Uu          , Uu          , Ur          , Ur          , Ur          , Ds          , Xu          , Uue         , Uu          , Xu          , Xu          , Ds          , Ur          , Ur          , Ur          , Ur          , Uu          , Ur          , Uu          , Uu          , Xu          , Xu          , Xu          , Ms^Xm       , Ha          , Aa^Fpa      , Ha          , Qxe^5       , Qxe^5       , Qxe^5       , Ha          
Xu          , Xu          , Xu          , Xu          , Xu          , Xu          , Xu          , Xu          , Xu          , Xu          , Xu          , Uh          , Uu          , Uh          , Ur          , Uu          , Uu          , Ur          , Xu          , Uu          , Ur          , Ur          , Xu          , Xu          , Xu          , Xu          , Ur          , Ur          , Ur          , Ur          , Ur          , Ur          , Xu          , Ms          , Ha^Fpa      , Ha^Fpa      , Qxe^6       , Qxe^6       , Aa^Fpa      , Ha^Fpa      , Ms          , Qxe^5       
Xu          , Xu          , Xu          , Xu          , Xu          , Xu          , Ms^Xm       , Ms^Xm       , Ms^Xm       , Xu          , Xu          , Xu          , Xu          , Xu          , Uh          , Ur          , Ur          , Ur          , Ur          , Xu          , Uu          , Uu          , Xu          , Xu          , Ur          , Uu          , Uu          , Qxe         , Xu          , Xu          , Xu          , Ur^Ii       , Re          , Ha          , Ha^Fpa      , Aa^Fpa      , Ha^Fpa      , Aa^Vca      , Ha^Fpa      , Ha^Fpa      , Ha          , Ms          
Ms^Xm       , Ms^Xm       , Ms          , Ms^Xm       , Ms^Xm       , Ms^Xm       , Ms^Xm       , Ms^Xm       , Ms^Xm       , Ms^Xm       , Ms^Xm       , Xu          , Xu          , Xu          , Xu          , Uh          , Xu          , Ds          , Ds          , Ur          , Ur          , Ur          , Ur          , Ur          , Xu          , Xu          , Xu          , Qxe         , Xu          , Xu          , Ms^Xm       , Ha          , Re          , Aa^Fma      , Aa          , Ha^Fpa      , Ha^Fpa      , Aa^Fma      , Ha^Fpa      , Aa^Fda      , Ha          , Ha          
Ms          , Ms          , Ms^Xm       , Ms^Xm       , Ms^Xm       , Ms          , Ms^Xm       , Ms^Xm       , Ms^Xm       , Ms^Xm       , Ms          , Ms^Xm       , Ms^Xm       , Xu          , Xu          , Xu          , Xu          , Uh          , Ds          , Uu          , Ur          , Uu          , Xu          , Xu          , Xu          , Xu          , Xu          , Qxe         , Ms^Xm       , Ms^Xm       , Ms          , Ha          , Aa^Fma      , Dd          , Aa          , Aa          , Aa^Fpa      , Ha^Fpa      , Aa^Fpa      , Ha          , Ha^Fpa      , Ha^Fpa      
Ms^Xm       , Ms^Xm       , Ms          , Ms          , Aa^Fda      , Ms          , Ms^Xm       , Ms          , Ms^Xm       , Ms^Xm       , Ms^Xm       , Ms^Xm       , Ms^Xm       , Ms^Xm       , Ms^Xm       , Xu          , Xu          , Xu          , Xu          , Uh          , Uu          , Ur          , Xu          , Xu          , Xu          , Xu          , Ms^Xm       , Qxe         , Qxe         , Ms^Xm       , Ms          , Aa^Fpa      , Ha          , Aa          , Re          , Aa          , Aa          , Aa^Fma      , Aa^Fma      , Aa          , Aa          , Ha^Fpa      
Ms^Xm       , Ms^Xm       , Aa          , 4 Aa        , Ha          , Aa^Fda      , Ha          , Ms          , Ms^Xm       , Ms^Xm       , Ms^Xm       , Ms^Xm       , Ms^Xm       , Ms^Xm       , Ms^Xm       , Ms^Xm       , Qxe^5       , Xu          , Xu          , Xu          , Xu          , Ur          , Xu          , Xu          , Ms^Xm       , Ms^Xm       , Ms^Xm       , Ms^Xm       , Qxe^5       , Ms^Xm       , Ms          , Ms          , Qxe^5       , Aa          , Aa          , Re          , Aa          , Aa^Fpa      , Ha          , Aa          , Aa          , Aa          
Ms^Xm       , Ha          , Aa          , Aa          , Ms          , Aa          , Ha          , Ms          , Ms^Xm       , Ms^Xm       , Ms^Xm       , Ms^Xm       , Ms^Xm       , Ms^Xm       , Ms^Xm       , Ms^Xm       , Qxe^5       , Ms^Xm       , Ms^Xm       , Xu          , Aa          , Aa          , Ha          , Ms^Xm       , Ms^Xm       , Ms^Xm       , Ms^Xm       , Ms^Xm       , Qxe^5       , Ms          , Ms          , Ms          , Qxe^5       , Aa          , Aa          , Aa          , Re          , Aa          , Aa          , Aa          , Rd          , Rd          
Ms^Xm       , Ha          , Aa          , Ha          , Ms          , Aa^Fda      , Ms          , Ha          , Ha          , Ms          , Ms          , Ms          , Ms          , Ms          , Ms          , Ms^Xm       , Qxe^5       , Ms^Xm       , Aa^Fda      , Aa          , Aa          , Aa          , Aa          , Ms^Xm       , Ms^Xm       , Ms^Xm       , Ms^Xm       , Ms          , Qxe^5       , Ms          , Ha          , Ha          , Qxe^5       , Aa          , Aa^Fpa      , Aa          , Aa          , Aa          , Rd          , Aa          , Aa          , Aa          
Ms^Xm       , Ha          , Aa^Fma      , Ha          , Aa^Fda      , Aa^Fda      , Ms          , Ms          , Ms          , Ha          , Ha          , Ha          , Ha          , Ha          , Ha          , Ms          , Qxe^5       , Ai          , Qxu         , Qxu         , Qxu         , Aa          , Aa          , Ha          , Ha          , Ms^Xm       , Ms^Xm       , Ms^Xm       , Ms^Xm       , Qxe^5       , Qxe^5       , Qxe^6       , Aa          , Aa          , Aa          , Aa          , Rd          , Aa          , Aa          , Aa          , Ha          , Ha          
Ms^Xm       , Ms^Xm       , Ms          , Aa          , Ms          , Aa^Fda      , Ms^Xm       , Ms^Xm       , Ha^Fda      , Ha          , Ha          , Ha          , Ha^Fpa      , Aa^Vla      , Aa          , Ha          , Ha          , Qxe^5       , Ha          , Ha          , Ha          , Qxe         , Qxe         , Aa          , Ha          , Ms          , Ha          , Ha          , Qxe^5       , Qxe^5       , Aa^Fma      , Aa          , Aa          , Aa          , Re          , Re          , Aa          , Aa          , Aa          , Aa          , Ha^Fda      , Ha          
Ms^Xm       , Ms^Xm       , Ms          , Aa^Fda      , Ms^Xm       , Ms^Xm       , Ha          , Ha          , Aa          , Aa          , Ha          , Ha          , Ha          , Aa          , Aa          , Aa          , Qxe^5       , Qxe^5       , Ms          , Ms          , Qxu         , Ha          , Qxe         , Aa          , Qxe         , Ha          , Qxe         , Qxe         , Aa          , Aa          , Aa          , Aa          , Aa          , Aa          , Aa          , Aa          , Aa          , Aa          , Aa          , Aa^Fma      , Ha^Fda      , Ha^Fda      
Ms          , Ms^Xm       , Ms          , Aa^Fda      , Ha          , Ha          , Ha          , Ha          , Aa          , Aa          , Aa          , Ha          , Aa          , Aa          , Qxe^5       , Aa          , Aa          , Ha          , Ms          , Ms          , Ms          , Qxe^6       , Ha          , Qxe^5       , Aa          , Qxe^5       , Aa^Es       , Aa          , Aa          , Aa          , Aa          , Aa          , Re          , Re          , Aa          , Aa          , Aa          , Aa          , Ha^Vhha     , Ha          , Aa^Fda      , Ha^Fda      
Ms          , Ms^Xm       , Ms^Xm       , Aa          , Aa          , Ha^Fda      , Aa          , Aa          , Aa          , Aa          , Rd          , Rd          , Re          , Aa          , Ha          , Aa          , Aa          , Ha          , Ha          , Ha          , Ha          , Ha          , Aa          , Aa          , Aa          , Aa          , Aa          , Aa          , Aa^Es       , Aa          , Aa          , Rb          , Aa          , Aa          , Aa          , Aa          , Ha          , Ha          , Ha          , Ha          , Ha          , Ha          
Ms^Xm       , Ms          , Ms          , Ms^Xm       , Ha          , Aa          , Aa          , Aa          , Rd          , Aa          , Aa          , Aa          , Ha          , Ha^Fda      , Ha          , Qxe^5       , Ha          , Re          , Rd          , Ha^Fda      , Aa^Fma      , Aa          , Aa          , Aa          , Aa          , Aa          , Aa          , Aa          , Rd          , Aa          , Rd          , Aa          , Aa^Fda      , Aa          , Aa          , Ha          , Ha          , Ha          , Ms          , Ms          , Ms          , Ms          
Ms^Xm       , Ms^Xm       , Ms          , Ha          , Ha          , Aa          , Rd          , Rd          , Aa          , Aa          , Ha          , Ha          , Ms          , Ha          , Ha          , Qxe^5       , Ha^Fpa      , Aa          , Aa          , Rd          , Rd          , Aa          , Aa          , Aa          , Rb          , Aa          , Aa          , Rd          , Aa          , Rb          , Aa          , Aa          , Aa^Es       , Aa          , Aa          , Aa          , Ha          , Ms          , Ms          , Ms          , Ms          , Ms          
Ms^Xm       , Ms          , Ms^Xm       , Ha          , Ha^Fpa      , Aa          , Rd          , Aa          , Ha          , Ha          , Ms          , Ms          , Ms          , Ha          , Qxe^5       , Qxe^5       , Ha          , Ha          , Ha          , Aa          , Aa          , Rd          , Aa          , Rd          , Aa          , Rd          , Aa          , Aa^Fma      , Ha          , Ha          , Aa          , Aa          , Aa          , Aa          , Ha          , Ai          , Ai          , Ha          , Ai          , Ms          , Ha          , Ms          
Ms^Xm       , Ms^Xm       , Ms^Xm       , Ha          , Ha          , Aa          , Rd          , Aa          , Ha          , Ms          , Qxe         , Ha          , Ha          , Ha          , Qxe^5       , Ha          , Ms          , Ha          , Ha          , Aa^Fma      , Ha          , Aa          , Aa          , Aa          , Ha          , Aa          , Ha          , Ha          , Ha          , Ha          , Ha          , Aa          , 2 Aa^Vha    , Aa          , Ha          , Ha          , Ha          , Ai          , Ha          , Ai          , Ai          , Ms          
Ms^Xm       , Ms^Xm       , Ms^Xm       , Ha          , Ha          , Aa^Vla      , Rd          , Aa          , Qxe^5       , Qxe^5       , Ha          , Qxe^5       , Qxe^5       , Qxe^5       , Qxe^5       , Ha          , Ms^Xm       , Ms          , Ms          , Ha          , Ms          , Ha          , Ha          , Ha^Fpa      , Ha          , Ha          , Ha          , Ha^Es       , Ms          , Ms          , Aa          , Ha^Fpa      , Ha          , Ha          , Ms          , Ms          , Ms          , Qxe^5       , Ms          , Ha          , Ai          , Ha          
Ms^Xm       , Ms^Xm       , Ms^Xm       , Ms^Xm       , Ms          , Ha          , Rd          , Aa          , Ai          , Ha          , Ms          , Ha          , Ha          , Ha          , Ai          , Ai          , Ms^Xm       , Ms^Xm       , Ms^Xm       , Ms          , Ms          , Ms          , Ms          , Ha          , Ms          , Ms          , Ms          , Ms          , Ha          , Ha^Vhha     , Aa          , Ha^Fpa      , Aa          , Ms          , Ms          , Ms          , Ms          , Qxe^5       , Ms          , Ms          , Ha          , Ai          
Ms^Xm       , Ms^Xm       , Ms          , Ms          , Ha          , Aa^Fma      , Rd          , Ai          , Ms          , Ai          , Ms          , Ms          , Ms^Xm       , Ai          , Ms          , Qxe^5       , Ms^Xm       , Ms^Xm       , Ms^Xm       , Ms^Xm       , Ms^Xm       , Ms          , Ms          , Ms          , Ha          , Ha          , Ha          , Ms          , Ms          , Aa          , Ha          , Ms          , Ha          , Ha          , Aa^Fda      , Ms          , Ms          , Qxe^5       , Ms^Xm       , Ms          , Ms          , Ha          
Ms          , Ha^Fpa      , Ms          , Ha          , Ha          , 1 Rd        , Ha          , Ha          , Ms          , Ms          , Ms^Xm       , Ms          , Ms^Xm       , Ms          , Ms^Xm       , Qxe^5       , Ms^Xm       , Ms^Xm       , Ai          , Ms^Xm       , Ms^Xm       , Ai          , Ms^Xm       , Ha          , Ha          , Ha^Vhha     , Ha          , Ha          , Aa          , Ms          , Ha          , Aa          , Aa          , Ha^Vhha     , Aa^Fda      , Ms          , Ms^Xm       , Qxe^5       , Ms^Xm       , Ms^Xm       , Ms^Xm       , Ms          
Ms          , Ms          , Ha^Fpa      , Ha          , Aa          , Rd          , Ha          , Ha          , Ms          , Ms          , Ms^Xm       , Ms          , Ms          , Ms          , Ms          , Qxe^5       , Ai          , Ai          , Ms^Xm       , Ms^Xm       , Ms^Xm       , Ms^Xm       , Ai          , Ha^Fda      , Ha          , Aa^Vha      , Ha          , Aa          , Ha          , Aa          , Ai          , Ha^Vhha     , Ha          , Aa^Fda      , Ha          , Ai          , Ms^Xm       , Ms^Xm       , Ha          , Ms^Xm       , Ms^Xm       , Ms          
Ms          , Ms          , Ha          , Ha          , Rd          , Rd          , Ha          , Ha          , Ms          , Ms          , Ms^Xm       , Ai          , Ai          , Ms^Xm       , Ms^Xm       , Ms^Xm       , Ms^Xm       , Qxe^6       , Ms          , Ms          , Ms^Xm       , Ms^Xm       , Ai          , Ha          , Aa^Vca      , Aa          , Aa          , Aa          , Ha          , Ha          , Ms          , Ai          , Ha          , Ha          , Ai          , Ai          , Ms^Xm       , Ha          , Ms^Xm       , Ha          , Ms^Xm       , Ms          
Ms          , Ha          , Ha          , Aa          , Rd          , Aa          , Ha          , Ha          , Ms          , Ms          , Ms          , Ms^Xm       , Ai          , Ms          , Ai          , Ms^Xm       , Ms^Xm       , Qxe^6       , Ai          , Ai          , Ai          , Ms^Xm       , Ms^Xm       , Ha          , Ha          , Aa          , Ha          , Ha          , Ms^Xm       , Ai          , Ms^Xm       , Ms          , Ms          , Ha          , Ha          , Ms^Xm       , Ms^Xm       , Ms^Xm       , Ha          , Ms^Xm       , Ms          , Ms          
Ha          , Ha          , Aa          , Aa          , Rd          , Aa^Fpa      , Aa^Fpa      , Aa^Fpa      , Aa^Fpa      , Ms          , Ms          , Ms^Xm       , Ms^Xm       , Ms^Xm       , Ms^Xm       , Ms^Xm       , Ms^Xm       , Ai          , Ms^Xm       , Ms^Xm       , Ms^Xm       , Ms^Xm       , Ms^Xm       , Ms^Xm       , Ms^Xm       , Ha          , Ms^Xm       , Ms^Xm       , Ms^Xm       , Ms^Xm       , Ms^Xm       , Ms^Xm       , Ms^Xm       , Ms^Xm       , Ms^Xm       , Ms^Xm       , Ms^Xm       , Ms^Xm       , Ms          , Ms          , Ms          , Ms          
